// Jest Snapshot v1, https://goo.gl/fbAQLP

exports[`Loader Component Tests Should render loader 1`] = `
<DocumentFragment>
  <div
    class="loader small"
  />
</DocumentFragment>
`;
